-248.371492
-248.371804
-248.372263
-248.372833
-248.373476
-248.374140
-248.374770
-248.375327
-248.375816
-248.376206
-248.383447
-248.378261
-248.382489
-248.379002
-248.381381
-248.377453
-248.376177
-248.378491
-248.377482
-248.377760
-248.375921
