-248.371488
-248.371804
-248.372261
-248.372833
-248.373478
-248.374141
-248.374761
-248.375329
-248.375817
-248.376205
-248.383349
-248.380293
-248.385587
-248.380386
-248.382884
-248.375491
-248.380890
-248.379043
-248.379767
-248.376992
-248.376141
